id: eval
snapshots:
  '#eval':
    labels:
    - source: eval
      style: primary
      start: 1
      end: 5
